2026-08-22 17:51:36,505 [INFO] ============================================================
2026-08-22 17:51:36,505 [INFO] 本地数据回测启动
2026-08-22 17:51:36,505 [INFO] ============================================================
2026-08-22 17:51:36,506 [INFO] 选股内核: 低波+反转+质量 (真 alpha 路线) — 近20日超跌/低波门槛/f_rs·f_trend降为闸门
2026-08-22 17:51:36,506 [INFO] 启用最小持有期 MIN_HOLD = 30 天
2026-08-22 17:51:36,508 [INFO] 初始化数据库表结构...
2026-08-22 17:51:36,511 [INFO] 数据库初始化完成
2026-08-22 17:51:37,614 [INFO] 动量矩阵从缓存加载: 1554天×6946只
2026-08-22 17:52:10,496 [INFO] PIT 财务索引: 5237 只, 共 312027 条报告期
2026-08-22 17:52:20,335 [INFO] 静态信息: 5237 只, 推导股本 5187 只
2026-08-22 18:02:05,260 [INFO] PIT 估值索引: 1546 个交易日
2026-08-22 18:02:06,516 [INFO] PIT 时点基本面索引构建完成(有数据)
2026-08-22 18:02:06,516 [INFO] 
============================================================
2026-08-22 18:02:06,516 [INFO] 资金模拟: 初始 20,000 元, 日选 8 只, 动态持有(相对强度择时)
2026-08-22 18:02:06,517 [INFO] ============================================================
2026-08-22 18:02:07,203 [INFO] 可用日期: 1554 天 (2020-01-02 ~ 2026-08-21)
2026-08-22 18:02:56,460 [INFO] 构建 L0 市场闸门(宽基 MA200 + 估值分位)...
2026-08-22 18:02:58,001 [INFO] ST/退市黑名单: 204 只
2026-08-22 18:02:58,005 [INFO] 幸存者过滤: 5090 只 (>=252天, 已剔除ST/退市/基金/北交所)
2026-08-22 18:03:54,402 [INFO] L0 市场闸门就绪: 指数末值2897, 熊市(回撤>10%) 129天, 耗时58s
2026-08-22 18:03:54,402 [INFO] L0 闸门完成: 129/1545 天判定熊市(指数<MA200), 耗时57.9s
2026-08-22 18:03:54,897 [INFO] 资金模拟: 初始20,000元, 日选8只
2026-08-22 18:03:54,897 [INFO] 规则: 目标+5.0~8%, 止损-8.0%, 成本(买0.0085%/卖0.0585%, ETF0.0085%)
2026-08-22 18:04:19,711 [INFO]   进度: 200/1554 | 持仓5 | 现金9,383
2026-08-22 18:04:46,789 [INFO]   进度: 400/1554 | 持仓3 | 现金13,742
2026-08-22 18:05:02,012 [INFO]   进度: 600/1554 | 持仓9 | 现金1,845
2026-08-22 18:05:30,222 [INFO]   进度: 800/1554 | 持仓3 | 现金13,865
2026-08-22 18:05:37,022 [INFO]   进度: 1000/1554 | 持仓0 | 现金19,854
2026-08-22 18:05:56,305 [INFO]   进度: 1200/1554 | 持仓11 | 现金402
2026-08-22 18:06:15,365 [INFO]   进度: 1400/1554 | 持仓15 | 现金2,030
2026-08-22 18:06:31,592 [INFO] 
============================================================
2026-08-22 18:06:31,592 [INFO] T+N 选股验证框架 (run)
2026-08-22 18:06:31,592 [INFO] ============================================================
2026-08-22 18:06:31,592 [INFO] 回测区间: 2020-01-02 ~ 2026-08-21, 1554 天
2026-08-22 18:06:31,592 [INFO] 计算择时信号 (MA60)...
2026-08-22 18:06:45,114 [INFO]   均价: 500/1554
2026-08-22 18:07:01,537 [INFO]   均价: 1000/1554
2026-08-22 18:07:19,328 [INFO]   均价: 1500/1554
2026-08-22 18:07:20,023 [INFO] 择时: 874/1554 天可交易 (56%)
2026-08-22 18:07:31,539 [INFO]   进度: 100/1554
2026-08-22 18:07:48,945 [INFO]   进度: 200/1554
2026-08-22 18:07:59,357 [INFO]   进度: 300/1554
2026-08-22 18:08:17,696 [INFO]   进度: 400/1554
2026-08-22 18:08:30,340 [INFO]   进度: 500/1554
2026-08-22 18:08:33,470 [INFO]   进度: 600/1554
2026-08-22 18:08:46,749 [INFO]   进度: 700/1554
2026-08-22 18:09:04,732 [INFO]   进度: 800/1554
2026-08-22 18:09:04,963 [INFO]   进度: 900/1554
2026-08-22 18:09:10,632 [INFO]   进度: 1000/1554
2026-08-22 18:09:17,988 [INFO]   进度: 1100/1554
2026-08-22 18:09:30,563 [INFO]   进度: 1200/1554
2026-08-22 18:09:44,243 [INFO]   进度: 1300/1554
2026-08-22 18:10:04,993 [INFO]   进度: 1400/1554
2026-08-22 18:10:23,328 [INFO]   进度: 1500/1554
2026-08-22 18:10:28,323 [INFO] 回测完成: 5 个未验日, 205441 次推荐, 204249 次验证
2026-08-22 18:10:30,044 [INFO] DB 已关闭

============================================================
资金模拟结果 (6.2年)
============================================================
初始资金: ¥20,000
最终资金: ¥20,187
总收益:   +0.93%
年化收益: +0.15%
最大回撤: 21.0%
夏普比率: 0.08
闲资停泊: 0.0%/年 (闲置现金 carry)

逐年收益:
  2020: -2.4%
  2021: +6.6%
  2022: -8.0%
  2023: +1.2%
  2024: +5.2%
  2025: +0.7%
  2026: -2.1%

卖出统计 (391笔):
  真实买卖胜率(净): 42.7% | 盈亏比: 1.36 | 平均盈利 +8.75% / 平均亏损 -6.45%
  平均持有: 26.2天 | 平均收益: +0.16%
  止损: 104笔
  移动止损: 43笔
  达到目标: 79笔
  趋势破位: 124笔
  市场熊市清仓: 26笔
  持仓上限: 1笔
  期末清仓: 14笔

最佳交易: 家联科技(301193) 2022-07-19买@25.96 → 40.93 (+57.48%, 持有30天, 达到目标(+57.7%))
最差交易: 柳药集团(603368) 2020-05-26买@31.78 → 23.63 (-25.73%, 持有21天, 止损(-25.6%))

资产曲线: briefs\portfolio_curve_sl8_lvrev_mh30_20260822_1806.csv
可视化: briefs\回测报告_sl8_lvrev_mh30_mps0.80_20260822_1806.html

============================================================
T+N 选股验证 (1554交易日, 205441次推荐)
============================================================
  T+1_ret: 胜率 48.4% | 均值 +0.07% | 样本 204227 | 极值 [-45.1%, +20.1%]
  T+3_ret: 胜率 48.9% | 均值 +0.14% | 样本 204180 | 极值 [-67.8%, +72.8%]
  T+5_ret: 胜率 49.5% | 均值 +0.24% | 样本 204153 | 极值 [-69.3%, +87.8%]
  风控后 T+1 胜率: 48.4% | 均值 +0.08%
