2026-08-22 18:10:33,611 [INFO] ============================================================
2026-08-22 18:10:33,611 [INFO] 本地数据回测启动
2026-08-22 18:10:33,611 [INFO] ============================================================
2026-08-22 18:10:33,613 [INFO] 选股内核: 低波+反转+质量 (真 alpha 路线) — 近20日超跌/低波门槛/f_rs·f_trend降为闸门
2026-08-22 18:10:33,613 [INFO] 启用最小持有期 MIN_HOLD = 30 天
2026-08-22 18:10:33,615 [INFO] 初始化数据库表结构...
2026-08-22 18:10:33,619 [INFO] 数据库初始化完成
2026-08-22 18:10:34,717 [INFO] 动量矩阵从缓存加载: 1554天×6946只
2026-08-22 18:11:07,998 [INFO] PIT 财务索引: 5237 只, 共 312027 条报告期
2026-08-22 18:11:17,793 [INFO] 静态信息: 5237 只, 推导股本 5187 只
2026-08-22 18:21:07,339 [INFO] PIT 估值索引: 1546 个交易日
2026-08-22 18:21:08,469 [INFO] PIT 时点基本面索引构建完成(有数据)
2026-08-22 18:21:08,470 [INFO] 
============================================================
2026-08-22 18:21:08,470 [INFO] 资金模拟: 初始 20,000 元, 日选 8 只, 动态持有(相对强度择时)
2026-08-22 18:21:08,470 [INFO] ============================================================
2026-08-22 18:21:09,167 [INFO] 可用日期: 1554 天 (2020-01-02 ~ 2026-08-21)
2026-08-22 18:21:58,274 [INFO] 构建 L0 市场闸门(宽基 MA200 + 估值分位)...
2026-08-22 18:21:59,810 [INFO] ST/退市黑名单: 204 只
2026-08-22 18:21:59,814 [INFO] 幸存者过滤: 5090 只 (>=252天, 已剔除ST/退市/基金/北交所)
2026-08-22 18:22:56,428 [INFO] L0 市场闸门就绪: 指数末值2897, 熊市(回撤>10%) 129天, 耗时58s
2026-08-22 18:22:56,429 [INFO] L0 闸门完成: 129/1545 天判定熊市(指数<MA200), 耗时58.2s
2026-08-22 18:22:56,918 [INFO] 资金模拟: 初始20,000元, 日选8只
2026-08-22 18:22:56,918 [INFO] 规则: 目标+5.0~8%, 止损-8.0%, 成本(买0.0085%/卖0.0585%, ETF0.0085%)
2026-08-22 18:23:21,157 [INFO]   进度: 200/1554 | 持仓7 | 现金6,520
2026-08-22 18:23:47,795 [INFO]   进度: 400/1554 | 持仓3 | 现金15,079
2026-08-22 18:24:02,328 [INFO]   进度: 600/1554 | 持仓9 | 现金2,071
2026-08-22 18:24:30,437 [INFO]   进度: 800/1554 | 持仓6 | 现金8,901
2026-08-22 18:24:36,860 [INFO]   进度: 1000/1554 | 持仓0 | 现金21,655
2026-08-22 18:24:55,901 [INFO]   进度: 1200/1554 | 持仓11 | 现金138
2026-08-22 18:25:12,765 [INFO]   进度: 1400/1554 | 持仓16 | 现金881
2026-08-22 18:25:29,383 [INFO] 
============================================================
2026-08-22 18:25:29,383 [INFO] T+N 选股验证框架 (run)
2026-08-22 18:25:29,383 [INFO] ============================================================
2026-08-22 18:25:29,383 [INFO] 回测区间: 2020-01-02 ~ 2026-08-21, 1554 天
2026-08-22 18:25:29,383 [INFO] 计算择时信号 (MA60)...
2026-08-22 18:25:43,155 [INFO]   均价: 500/1554
2026-08-22 18:25:59,860 [INFO]   均价: 1000/1554
2026-08-22 18:26:17,955 [INFO]   均价: 1500/1554
2026-08-22 18:26:18,661 [INFO] 择时: 874/1554 天可交易 (56%)
2026-08-22 18:26:27,369 [INFO]   进度: 100/1554
2026-08-22 18:26:40,130 [INFO]   进度: 200/1554
2026-08-22 18:26:47,906 [INFO]   进度: 300/1554
2026-08-22 18:27:01,556 [INFO]   进度: 400/1554
2026-08-22 18:27:10,895 [INFO]   进度: 500/1554
2026-08-22 18:27:13,344 [INFO]   进度: 600/1554
2026-08-22 18:27:23,482 [INFO]   进度: 700/1554
2026-08-22 18:27:37,273 [INFO]   进度: 800/1554
2026-08-22 18:27:37,447 [INFO]   进度: 900/1554
2026-08-22 18:27:41,680 [INFO]   进度: 1000/1554
2026-08-22 18:27:47,514 [INFO]   进度: 1100/1554
2026-08-22 18:27:57,789 [INFO]   进度: 1200/1554
2026-08-22 18:28:08,509 [INFO]   进度: 1300/1554
2026-08-22 18:28:24,695 [INFO]   进度: 1400/1554
2026-08-22 18:28:39,180 [INFO]   进度: 1500/1554
2026-08-22 18:28:43,087 [INFO] 回测完成: 5 个未验日, 61144 次推荐, 60842 次验证
2026-08-22 18:28:43,635 [INFO] DB 已关闭

============================================================
资金模拟结果 (6.2年)
============================================================
初始资金: ¥20,000
最终资金: ¥22,028
总收益:   +10.14%
年化收益: +1.58%
最大回撤: 21.8%
夏普比率: 0.19
闲资停泊: 0.0%/年 (闲置现金 carry)

逐年收益:
  2020: +7.7%
  2021: +7.5%
  2022: -11.6%
  2023: +3.1%
  2024: +1.6%
  2025: +0.8%
  2026: +0.9%

卖出统计 (364笔):
  真实买卖胜率(净): 45.9% | 盈亏比: 1.3 | 平均盈利 +8.47% / 平均亏损 -6.53%
  平均持有: 27.4天 | 平均收益: +0.47%
  止损: 90笔
  移动止损: 52笔
  达到目标: 74笔
  趋势破位: 110笔
  市场熊市清仓: 25笔
  持仓上限: 4笔
  期末清仓: 9笔

最佳交易: 康众医疗(688607) 2021-04-06买@31.22 → 46.6 (+49.09%, 持有30天, 达到目标(+49.3%))
最差交易: 百龙创园(605016) 2023-04-18买@27.56 → 20.81 (-24.58%, 持有29天, 止损(-24.5%))

资产曲线: briefs\portfolio_curve_sl8_lvrev_mh30_20260822_1825.csv
可视化: briefs\回测报告_sl8_lvrev_mh30_mps0.80_20260822_1825.html

============================================================
T+N 选股验证 (1554交易日, 61144次推荐)
============================================================
  T+1_ret: 胜率 49.3% | 均值 +0.07% | 样本 60837 | 极值 [-45.1%, +16.8%]
  T+3_ret: 胜率 49.7% | 均值 +0.16% | 样本 60829 | 极值 [-46.0%, +51.8%]
  T+5_ret: 胜率 50.3% | 均值 +0.26% | 样本 60822 | 极值 [-45.5%, +65.1%]
  风控后 T+1 胜率: 49.3% | 均值 +0.08%
