2026-08-22 22:39:50,118 [INFO] ============================================================
2026-08-22 22:39:50,118 [INFO] 本地数据回测启动
2026-08-22 22:39:50,119 [INFO] ============================================================
2026-08-22 22:39:50,121 [INFO] 选股内核: 低波+反转+质量 (真 alpha 路线) — 近20日超跌/低波门槛/f_rs·f_trend降为闸门
2026-08-22 22:39:50,121 [INFO] 启用最小持有期 MIN_HOLD = 20 天
2026-08-22 22:39:50,126 [INFO] 初始化数据库表结构...
2026-08-22 22:39:50,128 [INFO] 数据库初始化完成
2026-08-22 22:39:51,285 [INFO] 动量矩阵从缓存加载: 1554天×6946只
2026-08-22 22:40:27,298 [INFO] PIT 财务索引: 5237 只, 共 312027 条报告期
2026-08-22 22:40:38,034 [INFO] 静态信息: 5237 只, 推导股本 5187 只
2026-08-22 22:51:28,812 [INFO] PIT 估值索引: 1546 个交易日
2026-08-22 22:51:30,250 [INFO] PIT 时点基本面索引构建完成(有数据)
2026-08-22 22:51:30,250 [INFO] 
============================================================
2026-08-22 22:51:30,250 [INFO] 资金模拟: 初始 20,000 元, 日选 8 只, 动态持有(相对强度择时)
2026-08-22 22:51:30,250 [INFO] ============================================================
2026-08-22 22:51:31,298 [INFO] 可用日期: 1554 天 (2020-01-02 ~ 2026-08-21)
2026-08-22 22:53:30,324 [INFO] 构建 L0 市场闸门(宽基 MA200 + 估值分位)...
2026-08-22 22:53:32,094 [INFO] ST/退市黑名单: 204 只
2026-08-22 22:53:32,099 [INFO] 幸存者过滤: 5090 只 (>=252天, 已剔除ST/退市/基金/北交所)
2026-08-22 22:54:36,367 [INFO] L0 市场闸门就绪: 指数末值2897, 熊市(回撤>10%) 129天, 耗时66s
2026-08-22 22:54:36,367 [INFO] L0 闸门完成: 129/1545 天判定熊市(指数<MA200), 耗时66.0s
2026-08-22 22:54:36,932 [INFO] 资金模拟: 初始20,000元, 日选8只
2026-08-22 22:54:36,932 [INFO] 规则: 目标+5.0~8%, 止损-8.0%, 成本(买0.0085%/卖0.0585%, ETF0.0085%)
2026-08-22 22:55:10,854 [INFO]   进度: 200/1554 | 持仓6 | 现金9,054
2026-08-22 22:55:48,284 [INFO]   进度: 400/1554 | 持仓3 | 现金14,848
2026-08-22 22:56:08,557 [INFO]   进度: 600/1554 | 持仓9 | 现金1,993
2026-08-22 22:56:48,383 [INFO]   进度: 800/1554 | 持仓6 | 现金9,767
2026-08-22 22:56:57,419 [INFO]   进度: 1000/1554 | 持仓0 | 现金25,150
2026-08-22 22:57:23,821 [INFO]   进度: 1200/1554 | 持仓13 | 现金1,479
2026-08-22 22:57:55,674 [INFO]   进度: 1400/1554 | 持仓14 | 现金4,013
2026-08-22 22:58:26,555 [INFO] 
============================================================
2026-08-22 22:58:26,555 [INFO] T+N 选股验证框架 (run)
2026-08-22 22:58:26,555 [INFO] ============================================================
2026-08-22 22:58:26,555 [INFO] 回测区间: 2020-01-02 ~ 2026-08-21, 1554 天
2026-08-22 22:58:26,555 [INFO] 计算择时信号 (MA60)...
2026-08-22 22:59:02,714 [INFO]   均价: 500/1554
2026-08-22 22:59:44,780 [INFO]   均价: 1000/1554
2026-08-22 23:00:24,847 [INFO]   均价: 1500/1554
2026-08-22 23:00:26,008 [INFO] 择时: 874/1554 天可交易 (56%)
2026-08-22 23:00:36,477 [INFO]   进度: 100/1554
2026-08-22 23:00:51,650 [INFO]   进度: 200/1554
2026-08-22 23:01:01,191 [INFO]   进度: 300/1554
2026-08-22 23:01:17,667 [INFO]   进度: 400/1554
2026-08-22 23:01:28,965 [INFO]   进度: 500/1554
2026-08-22 23:01:31,872 [INFO]   进度: 600/1554
2026-08-22 23:01:44,013 [INFO]   进度: 700/1554
2026-08-22 23:02:00,883 [INFO]   进度: 800/1554
2026-08-22 23:02:01,084 [INFO]   进度: 900/1554
2026-08-22 23:02:06,288 [INFO]   进度: 1000/1554
2026-08-22 23:02:13,332 [INFO]   进度: 1100/1554
2026-08-22 23:02:26,036 [INFO]   进度: 1200/1554
2026-08-22 23:02:38,798 [INFO]   进度: 1300/1554
2026-08-22 23:02:57,999 [INFO]   进度: 1400/1554
2026-08-22 23:03:15,495 [INFO]   进度: 1500/1554
2026-08-22 23:03:20,005 [INFO] 回测完成: 5 个未验日, 61144 次推荐, 60842 次验证
2026-08-22 23:03:20,614 [INFO] DB 已关闭

============================================================
资金模拟结果 (6.2年)
============================================================
初始资金: ¥20,000
最终资金: ¥23,962
总收益:   +19.81%
年化收益: +2.97%
最大回撤: 22.7%
夏普比率: 0.3
闲资停泊: 0.0%/年 (闲置现金 carry)

逐年收益:
  2020: +12.3%
  2021: +3.5%
  2022: -4.8%
  2023: +10.0%
  2024: -1.4%
  2025: +4.2%
  2026: -6.1%

卖出统计 (476笔):
  真实买卖胜率(净): 45.0% | 盈亏比: 1.37 | 平均盈利 +7.57% / 平均亏损 -5.51%
  平均持有: 19.8天 | 平均收益: +0.49%
  达到目标: 89笔
  移动止损: 54笔
  止损: 90笔
  趋势破位: 215笔
  市场熊市清仓: 23笔
  期末清仓: 5笔

最佳交易: 抚顺特钢(600399) 2020-07-06买@4.1 → 6.23 (+51.77%, 持有20天, 达到目标(+52.0%))
最差交易: 四方新材(605122) 2021-05-10买@41.21 → 30.23 (-26.73%, 持有17天, 止损(-26.6%))

资产曲线: briefs\portfolio_curve_sl8_lvrev_mh20_20260822_2258.csv
可视化: briefs\回测报告_sl8_lvrev_mh20_mps0.80_20260822_2258.html

============================================================
T+N 选股验证 (1554交易日, 61144次推荐)
============================================================
  T+1_ret: 胜率 49.3% | 均值 +0.07% | 样本 60837 | 极值 [-45.1%, +16.8%]
  T+3_ret: 胜率 49.7% | 均值 +0.16% | 样本 60829 | 极值 [-46.0%, +51.8%]
  T+5_ret: 胜率 50.3% | 均值 +0.26% | 样本 60822 | 极值 [-45.5%, +65.1%]
  风控后 T+1 胜率: 49.3% | 均值 +0.08%
