2026-08-22 22:39:53,368 [INFO] ============================================================
2026-08-22 22:39:53,368 [INFO] 本地数据回测启动
2026-08-22 22:39:53,368 [INFO] ============================================================
2026-08-22 22:39:53,371 [INFO] 选股内核: 低波+反转+质量 (真 alpha 路线) — 近20日超跌/低波门槛/f_rs·f_trend降为闸门
2026-08-22 22:39:53,371 [INFO] 启用最小持有期 MIN_HOLD = 45 天
2026-08-22 22:39:53,376 [INFO] 初始化数据库表结构...
2026-08-22 22:39:53,379 [INFO] 数据库初始化完成
2026-08-22 22:39:54,567 [INFO] 动量矩阵从缓存加载: 1554天×6946只
2026-08-22 22:40:30,248 [INFO] PIT 财务索引: 5237 只, 共 312027 条报告期
2026-08-22 22:40:40,809 [INFO] 静态信息: 5237 只, 推导股本 5187 只
2026-08-22 22:51:30,281 [INFO] PIT 估值索引: 1546 个交易日
2026-08-22 22:51:31,728 [INFO] PIT 时点基本面索引构建完成(有数据)
2026-08-22 22:51:31,728 [INFO] 
============================================================
2026-08-22 22:51:31,729 [INFO] 资金模拟: 初始 20,000 元, 日选 8 只, 动态持有(相对强度择时)
2026-08-22 22:51:31,729 [INFO] ============================================================
2026-08-22 22:51:32,874 [INFO] 可用日期: 1554 天 (2020-01-02 ~ 2026-08-21)
2026-08-22 22:53:31,293 [INFO] 构建 L0 市场闸门(宽基 MA200 + 估值分位)...
2026-08-22 22:53:33,011 [INFO] ST/退市黑名单: 204 只
2026-08-22 22:53:33,020 [INFO] 幸存者过滤: 5090 只 (>=252天, 已剔除ST/退市/基金/北交所)
2026-08-22 22:54:37,075 [INFO] L0 市场闸门就绪: 指数末值2897, 熊市(回撤>10%) 129天, 耗时66s
2026-08-22 22:54:37,076 [INFO] L0 闸门完成: 129/1545 天判定熊市(指数<MA200), 耗时65.8s
2026-08-22 22:54:37,606 [INFO] 资金模拟: 初始20,000元, 日选8只
2026-08-22 22:54:37,606 [INFO] 规则: 目标+5.0~8%, 止损-8.0%, 成本(买0.0085%/卖0.0585%, ETF0.0085%)
2026-08-22 22:55:11,894 [INFO]   进度: 200/1554 | 持仓7 | 现金6,928
2026-08-22 22:55:49,593 [INFO]   进度: 400/1554 | 持仓4 | 现金12,232
2026-08-22 22:56:11,869 [INFO]   进度: 600/1554 | 持仓9 | 现金1,893
2026-08-22 22:56:51,647 [INFO]   进度: 800/1554 | 持仓9 | 现金2,345
2026-08-22 22:57:02,338 [INFO]   进度: 1000/1554 | 持仓0 | 现金20,950
2026-08-22 22:57:30,316 [INFO]   进度: 1200/1554 | 持仓15 | 现金1,358
2026-08-22 22:57:59,154 [INFO]   进度: 1400/1554 | 持仓15 | 现金2,187
2026-08-22 22:58:21,704 [INFO] 
============================================================
2026-08-22 22:58:21,704 [INFO] T+N 选股验证框架 (run)
2026-08-22 22:58:21,705 [INFO] ============================================================
2026-08-22 22:58:21,705 [INFO] 回测区间: 2020-01-02 ~ 2026-08-21, 1554 天
2026-08-22 22:58:21,705 [INFO] 计算择时信号 (MA60)...
2026-08-22 22:58:57,206 [INFO]   均价: 500/1554
2026-08-22 22:59:39,866 [INFO]   均价: 1000/1554
2026-08-22 23:00:21,257 [INFO]   均价: 1500/1554
2026-08-22 23:00:22,626 [INFO] 择时: 874/1554 天可交易 (56%)
2026-08-22 23:00:33,410 [INFO]   进度: 100/1554
2026-08-22 23:00:48,664 [INFO]   进度: 200/1554
2026-08-22 23:00:58,092 [INFO]   进度: 300/1554
2026-08-22 23:01:14,331 [INFO]   进度: 400/1554
2026-08-22 23:01:25,617 [INFO]   进度: 500/1554
2026-08-22 23:01:28,540 [INFO]   进度: 600/1554
2026-08-22 23:01:40,784 [INFO]   进度: 700/1554
2026-08-22 23:01:57,640 [INFO]   进度: 800/1554
2026-08-22 23:01:57,857 [INFO]   进度: 900/1554
2026-08-22 23:02:03,052 [INFO]   进度: 1000/1554
2026-08-22 23:02:10,042 [INFO]   进度: 1100/1554
2026-08-22 23:02:22,299 [INFO]   进度: 1200/1554
2026-08-22 23:02:35,301 [INFO]   进度: 1300/1554
2026-08-22 23:02:54,492 [INFO]   进度: 1400/1554
2026-08-22 23:03:12,102 [INFO]   进度: 1500/1554
2026-08-22 23:03:16,756 [INFO] 回测完成: 5 个未验日, 61144 次推荐, 60842 次验证
2026-08-22 23:03:17,358 [INFO] DB 已关闭

============================================================
资金模拟结果 (6.2年)
============================================================
初始资金: ¥20,000
最终资金: ¥22,193
总收益:   +10.97%
年化收益: +1.70%
最大回撤: 20.9%
夏普比率: 0.19
闲资停泊: 0.0%/年 (闲置现金 carry)

逐年收益:
  2020: +12.7%
  2021: -3.6%
  2022: -12.4%
  2023: +7.5%
  2024: +6.7%
  2025: +2.3%
  2026: -2.7%

卖出统计 (295笔):
  真实买卖胜率(净): 38.0% | 盈亏比: 1.77 | 平均盈利 +11.85% / 平均亏损 -6.69%
  平均持有: 36.5天 | 平均收益: +0.47%
  止损: 91笔
  趋势破位: 70笔
  达到目标: 57笔
  移动止损: 39笔
  市场熊市清仓: 28笔
  持仓上限: 3笔
  期末清仓: 7笔

最佳交易: 返利科技(600228) 2023-01-16买@7.14 → 13.64 (+90.81%, 持有45天, 达到目标(+91.0%))
最差交易: 百龙创园(605016) 2023-04-18买@27.56 → 20.81 (-24.58%, 持有29天, 止损(-24.5%))

资产曲线: briefs\portfolio_curve_sl8_lvrev_mh45_20260822_2258.csv
可视化: briefs\回测报告_sl8_lvrev_mh45_mps0.80_20260822_2258.html

============================================================
T+N 选股验证 (1554交易日, 61144次推荐)
============================================================
  T+1_ret: 胜率 49.3% | 均值 +0.07% | 样本 60837 | 极值 [-45.1%, +16.8%]
  T+3_ret: 胜率 49.7% | 均值 +0.16% | 样本 60829 | 极值 [-46.0%, +51.8%]
  T+5_ret: 胜率 50.3% | 均值 +0.26% | 样本 60822 | 极值 [-45.5%, +65.1%]
  风控后 T+1 胜率: 49.3% | 均值 +0.08%
