2026-08-22 22:39:47,191 [INFO] ============================================================
2026-08-22 22:39:47,191 [INFO] 本地数据回测启动
2026-08-22 22:39:47,191 [INFO] ============================================================
2026-08-22 22:39:47,194 [INFO] 选股内核: 低波+反转+质量 (真 alpha 路线) — 近20日超跌/低波门槛/f_rs·f_trend降为闸门
2026-08-22 22:39:47,194 [INFO] 启用最小持有期 MIN_HOLD = 30 天
2026-08-22 22:39:47,195 [INFO] lvrev 权重覆写 W_DEFAULT = {'vol': 0.4, 'rev': 0.45, 'value': 0.0, 'q': 0.12, 'g': 0.0} (tag:_v0.40_r0.45_g0.00)
2026-08-22 22:39:47,198 [INFO] 初始化数据库表结构...
2026-08-22 22:39:47,199 [INFO] 数据库初始化完成
2026-08-22 22:39:48,403 [INFO] 动量矩阵从缓存加载: 1554天×6946只
2026-08-22 22:40:24,710 [INFO] PIT 财务索引: 5237 只, 共 312027 条报告期
2026-08-22 22:40:35,255 [INFO] 静态信息: 5237 只, 推导股本 5187 只
2026-08-22 22:51:26,899 [INFO] PIT 估值索引: 1546 个交易日
2026-08-22 22:51:28,300 [INFO] PIT 时点基本面索引构建完成(有数据)
2026-08-22 22:51:28,300 [INFO] 
============================================================
2026-08-22 22:51:28,300 [INFO] 资金模拟: 初始 20,000 元, 日选 8 只, 动态持有(相对强度择时)
2026-08-22 22:51:28,300 [INFO] ============================================================
2026-08-22 22:51:29,274 [INFO] 可用日期: 1554 天 (2020-01-02 ~ 2026-08-21)
2026-08-22 22:53:29,001 [INFO] 构建 L0 市场闸门(宽基 MA200 + 估值分位)...
2026-08-22 22:53:30,928 [INFO] ST/退市黑名单: 204 只
2026-08-22 22:53:30,933 [INFO] 幸存者过滤: 5090 只 (>=252天, 已剔除ST/退市/基金/北交所)
2026-08-22 22:54:34,702 [INFO] L0 市场闸门就绪: 指数末值2897, 熊市(回撤>10%) 129天, 耗时66s
2026-08-22 22:54:34,702 [INFO] L0 闸门完成: 129/1545 天判定熊市(指数<MA200), 耗时65.7s
2026-08-22 22:54:35,282 [INFO] 资金模拟: 初始20,000元, 日选8只
2026-08-22 22:54:35,282 [INFO] 规则: 目标+5.0~8%, 止损-8.0%, 成本(买0.0085%/卖0.0585%, ETF0.0085%)
2026-08-22 22:55:08,671 [INFO]   进度: 200/1554 | 持仓8 | 现金4,425
2026-08-22 22:55:46,577 [INFO]   进度: 400/1554 | 持仓4 | 现金13,398
2026-08-22 22:56:09,411 [INFO]   进度: 600/1554 | 持仓9 | 现金2,384
2026-08-22 22:56:49,060 [INFO]   进度: 800/1554 | 持仓9 | 现金2,115
2026-08-22 22:56:58,830 [INFO]   进度: 1000/1554 | 持仓0 | 现金24,863
2026-08-22 22:57:26,303 [INFO]   进度: 1200/1554 | 持仓10 | 现金885
2026-08-22 22:57:58,678 [INFO]   进度: 1400/1554 | 持仓16 | 现金845
2026-08-22 22:58:26,136 [INFO] 
============================================================
2026-08-22 22:58:26,136 [INFO] T+N 选股验证框架 (run)
2026-08-22 22:58:26,136 [INFO] ============================================================
2026-08-22 22:58:26,136 [INFO] 回测区间: 2020-01-02 ~ 2026-08-21, 1554 天
2026-08-22 22:58:26,137 [INFO] 计算择时信号 (MA60)...
2026-08-22 22:59:02,145 [INFO]   均价: 500/1554
2026-08-22 22:59:44,277 [INFO]   均价: 1000/1554
2026-08-22 23:00:24,523 [INFO]   均价: 1500/1554
2026-08-22 23:00:25,735 [INFO] 择时: 874/1554 天可交易 (56%)
2026-08-22 23:00:36,300 [INFO]   进度: 100/1554
2026-08-22 23:00:51,935 [INFO]   进度: 200/1554
2026-08-22 23:01:01,665 [INFO]   进度: 300/1554
2026-08-22 23:01:17,965 [INFO]   进度: 400/1554
2026-08-22 23:01:29,192 [INFO]   进度: 500/1554
2026-08-22 23:01:32,139 [INFO]   进度: 600/1554
2026-08-22 23:01:44,299 [INFO]   进度: 700/1554
2026-08-22 23:02:00,965 [INFO]   进度: 800/1554
2026-08-22 23:02:01,177 [INFO]   进度: 900/1554
2026-08-22 23:02:06,276 [INFO]   进度: 1000/1554
2026-08-22 23:02:13,357 [INFO]   进度: 1100/1554
2026-08-22 23:02:26,077 [INFO]   进度: 1200/1554
2026-08-22 23:02:38,944 [INFO]   进度: 1300/1554
2026-08-22 23:02:58,265 [INFO]   进度: 1400/1554
2026-08-22 23:03:15,922 [INFO]   进度: 1500/1554
2026-08-22 23:03:20,525 [INFO] 回测完成: 5 个未验日, 62382 次推荐, 62033 次验证
2026-08-22 23:03:21,136 [INFO] DB 已关闭

============================================================
资金模拟结果 (6.2年)
============================================================
初始资金: ¥20,000
最终资金: ¥22,738
总收益:   +13.69%
年化收益: +2.10%
最大回撤: 20.9%
夏普比率: 0.23
闲资停泊: 0.0%/年 (闲置现金 carry)

逐年收益:
  2020: +12.2%
  2021: +13.2%
  2022: -10.1%
  2023: +7.3%
  2024: +1.2%
  2025: -8.4%
  2026: -0.7%

卖出统计 (373笔):
  真实买卖胜率(净): 42.6% | 盈亏比: 1.45 | 平均盈利 +8.81% / 平均亏损 -6.08%
  平均持有: 27.1天 | 平均收益: +0.39%
  止损: 91笔
  达到目标: 77笔
  移动止损: 40笔
  趋势破位: 127笔
  市场熊市清仓: 26笔
  期末清仓: 12笔

最佳交易: 康众医疗(688607) 2021-04-06买@31.22 → 46.6 (+49.09%, 持有30天, 达到目标(+49.3%))
最差交易: 华润三九(000999) 2025-05-19买@41.36 → 32.69 (-21.05%, 持有13天, 止损(-21.0%))

资产曲线: briefs\portfolio_curve_sl8_lvrev_mh30_20260822_2258.csv
可视化: briefs\回测报告_sl8_lvrev_mh30_mps0.80_v0.40_r0.45_g0.00_20260822_2258.html

============================================================
T+N 选股验证 (1554交易日, 62382次推荐)
============================================================
  T+1_ret: 胜率 49.3% | 均值 +0.08% | 样本 62026 | 极值 [-33.0%, +20.0%]
  T+3_ret: 胜率 49.7% | 均值 +0.17% | 样本 62018 | 极值 [-33.5%, +50.9%]
  T+5_ret: 胜率 50.5% | 均值 +0.30% | 样本 62005 | 极值 [-35.2%, +61.1%]
  风控后 T+1 胜率: 49.3% | 均值 +0.08%
