2026-08-22 22:39:36,745 [INFO] ============================================================
2026-08-22 22:39:36,745 [INFO] 本地数据回测启动
2026-08-22 22:39:36,745 [INFO] ============================================================
2026-08-22 22:39:36,750 [INFO] 选股内核: 低波+反转+质量 (真 alpha 路线) — 近20日超跌/低波门槛/f_rs·f_trend降为闸门
2026-08-22 22:39:36,750 [INFO] 启用最小持有期 MIN_HOLD = 30 天
2026-08-22 22:39:36,751 [INFO] lvrev 权重覆写 W_DEFAULT = {'vol': 0.5, 'rev': 0.4, 'value': 0.0, 'q': 0.12, 'g': 0.0} (tag:_v0.50_r0.40_g0.00)
2026-08-22 22:39:36,755 [INFO] 初始化数据库表结构...
2026-08-22 22:39:36,757 [INFO] 数据库初始化完成
2026-08-22 22:39:37,891 [INFO] 动量矩阵从缓存加载: 1554天×6946只
2026-08-22 22:40:13,674 [INFO] PIT 财务索引: 5237 只, 共 312027 条报告期
2026-08-22 22:40:24,406 [INFO] 静态信息: 5237 只, 推导股本 5187 只
2026-08-22 22:51:16,271 [INFO] PIT 估值索引: 1546 个交易日
2026-08-22 22:51:17,729 [INFO] PIT 时点基本面索引构建完成(有数据)
2026-08-22 22:51:17,729 [INFO] 
============================================================
2026-08-22 22:51:17,729 [INFO] 资金模拟: 初始 20,000 元, 日选 8 只, 动态持有(相对强度择时)
2026-08-22 22:51:17,729 [INFO] ============================================================
2026-08-22 22:51:18,561 [INFO] 可用日期: 1554 天 (2020-01-02 ~ 2026-08-21)
2026-08-22 22:53:18,334 [INFO] 构建 L0 市场闸门(宽基 MA200 + 估值分位)...
2026-08-22 22:53:20,544 [INFO] ST/退市黑名单: 204 只
2026-08-22 22:53:20,549 [INFO] 幸存者过滤: 5090 只 (>=252天, 已剔除ST/退市/基金/北交所)
2026-08-22 22:54:24,442 [INFO] L0 市场闸门就绪: 指数末值2897, 熊市(回撤>10%) 129天, 耗时66s
2026-08-22 22:54:24,442 [INFO] L0 闸门完成: 129/1545 天判定熊市(指数<MA200), 耗时66.1s
2026-08-22 22:54:25,041 [INFO] 资金模拟: 初始20,000元, 日选8只
2026-08-22 22:54:25,041 [INFO] 规则: 目标+5.0~8%, 止损-8.0%, 成本(买0.0085%/卖0.0585%, ETF0.0085%)
2026-08-22 22:54:57,431 [INFO]   进度: 200/1554 | 持仓8 | 现金4,149
2026-08-22 22:55:34,701 [INFO]   进度: 400/1554 | 持仓3 | 现金13,988
2026-08-22 22:55:57,006 [INFO]   进度: 600/1554 | 持仓9 | 现金2,185
2026-08-22 22:56:37,214 [INFO]   进度: 800/1554 | 持仓8 | 现金4,437
2026-08-22 22:56:46,594 [INFO]   进度: 1000/1554 | 持仓0 | 现金21,615
2026-08-22 22:57:13,314 [INFO]   进度: 1200/1554 | 持仓10 | 现金770
2026-08-22 22:57:43,376 [INFO]   进度: 1400/1554 | 持仓16 | 现金739
2026-08-22 22:58:10,765 [INFO] 
============================================================
2026-08-22 22:58:10,765 [INFO] T+N 选股验证框架 (run)
2026-08-22 22:58:10,765 [INFO] ============================================================
2026-08-22 22:58:10,765 [INFO] 回测区间: 2020-01-02 ~ 2026-08-21, 1554 天
2026-08-22 22:58:10,766 [INFO] 计算择时信号 (MA60)...
2026-08-22 22:58:43,742 [INFO]   均价: 500/1554
2026-08-22 22:59:27,047 [INFO]   均价: 1000/1554
2026-08-22 23:00:10,377 [INFO]   均价: 1500/1554
2026-08-22 23:00:12,031 [INFO] 择时: 874/1554 天可交易 (56%)
2026-08-22 23:00:25,535 [INFO]   进度: 100/1554
2026-08-22 23:00:43,698 [INFO]   进度: 200/1554
2026-08-22 23:00:54,693 [INFO]   进度: 300/1554
2026-08-22 23:01:14,140 [INFO]   进度: 400/1554
2026-08-22 23:01:27,175 [INFO]   进度: 500/1554
2026-08-22 23:01:30,444 [INFO]   进度: 600/1554
2026-08-22 23:01:44,545 [INFO]   进度: 700/1554
2026-08-22 23:02:03,247 [INFO]   进度: 800/1554
2026-08-22 23:02:03,476 [INFO]   进度: 900/1554
2026-08-22 23:02:09,438 [INFO]   进度: 1000/1554
2026-08-22 23:02:17,427 [INFO]   进度: 1100/1554
2026-08-22 23:02:30,998 [INFO]   进度: 1200/1554
2026-08-22 23:02:45,455 [INFO]   进度: 1300/1554
2026-08-22 23:03:07,547 [INFO]   进度: 1400/1554
2026-08-22 23:03:26,471 [INFO]   进度: 1500/1554
2026-08-22 23:03:31,053 [INFO] 回测完成: 5 个未验日, 136238 次推荐, 135498 次验证
2026-08-22 23:03:32,229 [INFO] DB 已关闭

============================================================
资金模拟结果 (6.2年)
============================================================
初始资金: ¥20,000
最终资金: ¥19,194
总收益:   -4.03%
年化收益: -0.66%
最大回撤: 22.6%
夏普比率: 0.01
闲资停泊: 0.0%/年 (闲置现金 carry)

逐年收益:
  2020: +7.6%
  2021: +6.7%
  2022: -14.1%
  2023: +7.1%
  2024: +0.2%
  2025: -6.9%
  2026: -4.0%

卖出统计 (365笔):
  真实买卖胜率(净): 41.9% | 盈亏比: 1.29 | 平均盈利 +8.03% / 平均亏损 -6.24%
  平均持有: 27.6天 | 平均收益: -0.14%
  止损: 81笔
  达到目标: 66笔
  移动止损: 47笔
  趋势破位: 130笔
  市场熊市清仓: 28笔
  持仓上限: 1笔
  期末清仓: 12笔

最佳交易: 平安电工(001359) 2025-06-06买@29.75 → 44.4 (+49.07%, 持有30天, 达到目标(+49.2%))
最差交易: 亨迪药业(301211) 2025-08-25买@18.84 → 12.63 (-33.04%, 持有2天, 止损(-33.0%))

资产曲线: briefs\portfolio_curve_sl8_lvrev_mh30_20260822_2258.csv
可视化: briefs\回测报告_sl8_lvrev_mh30_mps0.80_v0.50_r0.40_g0.00_20260822_2258.html

============================================================
T+N 选股验证 (1554交易日, 136238次推荐)
============================================================
  T+1_ret: 胜率 48.9% | 均值 +0.08% | 样本 135486 | 极值 [-45.1%, +20.1%]
  T+3_ret: 胜率 49.5% | 均值 +0.16% | 样本 135459 | 极值 [-47.6%, +72.8%]
  T+5_ret: 胜率 50.3% | 均值 +0.28% | 样本 135439 | 极值 [-48.3%, +87.8%]
  风控后 T+1 胜率: 48.9% | 均值 +0.09%
