2026-08-22 22:39:33,602 [INFO] ============================================================
2026-08-22 22:39:33,602 [INFO] 本地数据回测启动
2026-08-22 22:39:33,602 [INFO] ============================================================
2026-08-22 22:39:33,605 [INFO] 选股内核: 低波+反转+质量 (真 alpha 路线) — 近20日超跌/低波门槛/f_rs·f_trend降为闸门
2026-08-22 22:39:33,605 [INFO] 启用最小持有期 MIN_HOLD = 30 天
2026-08-22 22:39:33,606 [INFO] lvrev 权重覆写 W_DEFAULT = {'vol': 0.55, 'rev': 0.3, 'value': 0.0, 'q': 0.12, 'g': 0.0} (tag:_v0.55_r0.30_g0.00)
2026-08-22 22:39:33,610 [INFO] 初始化数据库表结构...
2026-08-22 22:39:33,611 [INFO] 数据库初始化完成
2026-08-22 22:39:34,761 [INFO] 动量矩阵从缓存加载: 1554天×6946只
2026-08-22 22:40:10,525 [INFO] PIT 财务索引: 5237 只, 共 312027 条报告期
2026-08-22 22:40:21,126 [INFO] 静态信息: 5237 只, 推导股本 5187 只
2026-08-22 22:51:16,861 [INFO] PIT 估值索引: 1546 个交易日
2026-08-22 22:51:18,374 [INFO] PIT 时点基本面索引构建完成(有数据)
2026-08-22 22:51:18,374 [INFO] 
============================================================
2026-08-22 22:51:18,374 [INFO] 资金模拟: 初始 20,000 元, 日选 8 只, 动态持有(相对强度择时)
2026-08-22 22:51:18,374 [INFO] ============================================================
2026-08-22 22:51:19,253 [INFO] 可用日期: 1554 天 (2020-01-02 ~ 2026-08-21)
2026-08-22 22:53:19,647 [INFO] 构建 L0 市场闸门(宽基 MA200 + 估值分位)...
2026-08-22 22:53:21,795 [INFO] ST/退市黑名单: 204 只
2026-08-22 22:53:21,800 [INFO] 幸存者过滤: 5090 只 (>=252天, 已剔除ST/退市/基金/北交所)
2026-08-22 22:54:25,786 [INFO] L0 市场闸门就绪: 指数末值2897, 熊市(回撤>10%) 129天, 耗时66s
2026-08-22 22:54:25,786 [INFO] L0 闸门完成: 129/1545 天判定熊市(指数<MA200), 耗时66.1s
2026-08-22 22:54:26,313 [INFO] 资金模拟: 初始20,000元, 日选8只
2026-08-22 22:54:26,313 [INFO] 规则: 目标+5.0~8%, 止损-8.0%, 成本(买0.0085%/卖0.0585%, ETF0.0085%)
2026-08-22 22:54:58,969 [INFO]   进度: 200/1554 | 持仓8 | 现金4,271
2026-08-22 22:55:36,409 [INFO]   进度: 400/1554 | 持仓3 | 现金14,832
2026-08-22 22:55:58,743 [INFO]   进度: 600/1554 | 持仓9 | 现金2,280
2026-08-22 22:56:38,816 [INFO]   进度: 800/1554 | 持仓7 | 现金7,235
2026-08-22 22:56:48,501 [INFO]   进度: 1000/1554 | 持仓0 | 现金23,550
2026-08-22 22:57:15,435 [INFO]   进度: 1200/1554 | 持仓10 | 现金770
2026-08-22 22:57:45,196 [INFO]   进度: 1400/1554 | 持仓14 | 现金3,301
2026-08-22 22:58:14,105 [INFO] 
============================================================
2026-08-22 22:58:14,105 [INFO] T+N 选股验证框架 (run)
2026-08-22 22:58:14,105 [INFO] ============================================================
2026-08-22 22:58:14,105 [INFO] 回测区间: 2020-01-02 ~ 2026-08-21, 1554 天
2026-08-22 22:58:14,105 [INFO] 计算择时信号 (MA60)...
2026-08-22 22:58:48,121 [INFO]   均价: 500/1554
2026-08-22 22:59:31,398 [INFO]   均价: 1000/1554
2026-08-22 23:00:14,206 [INFO]   均价: 1500/1554
2026-08-22 23:00:15,723 [INFO] 择时: 874/1554 天可交易 (56%)
2026-08-22 23:00:27,794 [INFO]   进度: 100/1554
2026-08-22 23:00:44,297 [INFO]   进度: 200/1554
2026-08-22 23:00:54,454 [INFO]   进度: 300/1554
2026-08-22 23:01:12,132 [INFO]   进度: 400/1554
2026-08-22 23:01:24,381 [INFO]   进度: 500/1554
2026-08-22 23:01:27,584 [INFO]   进度: 600/1554
2026-08-22 23:01:40,491 [INFO]   进度: 700/1554
2026-08-22 23:01:58,098 [INFO]   进度: 800/1554
2026-08-22 23:01:58,339 [INFO]   进度: 900/1554
2026-08-22 23:02:03,801 [INFO]   进度: 1000/1554
2026-08-22 23:02:11,334 [INFO]   进度: 1100/1554
2026-08-22 23:02:24,229 [INFO]   进度: 1200/1554
2026-08-22 23:02:38,017 [INFO]   进度: 1300/1554
2026-08-22 23:02:58,662 [INFO]   进度: 1400/1554
2026-08-22 23:03:17,035 [INFO]   进度: 1500/1554
2026-08-22 23:03:21,893 [INFO] 回测完成: 5 个未验日, 79428 次推荐, 79010 次验证
2026-08-22 23:03:22,703 [INFO] DB 已关闭

============================================================
资金模拟结果 (6.2年)
============================================================
初始资金: ¥20,000
最终资金: ¥21,446
总收益:   +7.23%
年化收益: +1.14%
最大回撤: 20.3%
夏普比率: 0.15
闲资停泊: 0.0%/年 (闲置现金 carry)

逐年收益:
  2020: +16.8%
  2021: +0.0%
  2022: -4.1%
  2023: +4.5%
  2024: +1.3%
  2025: -3.7%
  2026: -4.9%

卖出统计 (341笔):
  真实买卖胜率(净): 42.5% | 盈亏比: 1.4 | 平均盈利 +8.27% / 平均亏损 -5.93%
  平均持有: 28.2天 | 平均收益: +0.23%
  止损: 73笔
  移动止损: 51笔
  达到目标: 64笔
  趋势破位: 114笔
  市场熊市清仓: 27笔
  持仓上限: 1笔
  期末清仓: 11笔

最佳交易: 平安电工(001359) 2025-06-05买@29.8 → 42.24 (+41.58%, 持有30天, 达到目标(+41.7%))
最差交易: 百龙创园(605016) 2023-04-18买@27.56 → 20.81 (-24.58%, 持有29天, 止损(-24.5%))

资产曲线: briefs\portfolio_curve_sl8_lvrev_mh30_20260822_2258.csv
可视化: briefs\回测报告_sl8_lvrev_mh30_mps0.80_v0.55_r0.30_g0.00_20260822_2258.html

============================================================
T+N 选股验证 (1554交易日, 79428次推荐)
============================================================
  T+1_ret: 胜率 49.1% | 均值 +0.09% | 样本 79002 | 极值 [-33.0%, +20.0%]
  T+3_ret: 胜率 50.1% | 均值 +0.18% | 样本 78986 | 极值 [-33.5%, +50.9%]
  T+5_ret: 胜率 50.9% | 均值 +0.30% | 样本 78975 | 极值 [-35.2%, +61.1%]
  风控后 T+1 胜率: 49.1% | 均值 +0.09%
