2026-08-21 12:21:05,522 [INFO] ============================================================
2026-08-21 12:21:05,522 [INFO] 本地数据回测启动
2026-08-21 12:21:05,522 [INFO] ============================================================
2026-08-21 12:21:05,523 [INFO] 选股内核: 低波+反转+质量 (真 alpha 路线) — 近20日超跌/低波门槛/f_rs·f_trend降为闸门
2026-08-21 12:21:05,523 [INFO] 启用最小持有期 MIN_HOLD = 60 天
2026-08-21 12:21:05,525 [INFO] 初始化数据库表结构...
2026-08-21 12:21:05,528 [INFO] 数据库初始化完成
2026-08-21 12:21:06,621 [INFO] 动量矩阵从缓存加载: 1553天×6946只
2026-08-21 12:21:43,750 [INFO] PIT 财务索引: 5237 只, 共 312027 条报告期
2026-08-21 12:21:53,759 [INFO] 静态信息: 5237 只, 推导股本 5187 只
2026-08-21 12:32:22,630 [INFO] PIT 估值索引: 1546 个交易日
2026-08-21 12:32:22,673 [INFO] PIT 时点基本面索引构建完成(有数据)
2026-08-21 12:32:22,673 [INFO] 
============================================================
2026-08-21 12:32:22,673 [INFO] 资金模拟: 初始 20,000 元, 日选 8 只, 动态持有(相对强度择时)
2026-08-21 12:32:22,673 [INFO] ============================================================
2026-08-21 12:32:23,392 [INFO] 可用日期: 1553 天 (2020-01-02 ~ 2026-08-20)
2026-08-21 12:33:13,035 [INFO] 构建 L0 市场闸门(宽基 MA200 + 估值分位)...
2026-08-21 12:33:14,567 [INFO] ST/退市黑名单: 204 只
2026-08-21 12:33:14,570 [INFO] 幸存者过滤: 5090 只 (>=252天, 已剔除ST/退市/基金/北交所)
2026-08-21 12:34:04,024 [INFO] L0 市场闸门就绪: 指数末值2897, 熊市(回撤>10%) 129天, 耗时51s
2026-08-21 12:34:04,024 [INFO] L0 闸门完成: 129/1545 天判定熊市(指数<MA200), 耗时51.0s
2026-08-21 12:34:04,044 [INFO] 资金模拟: 初始20,000元, 日选8只
2026-08-21 12:34:04,044 [INFO] 规则: 目标+5.0~8%, 止损-8.0%, 成本(买0.0085%/卖0.0585%, ETF0.0085%)
2026-08-21 12:34:30,821 [INFO]   进度: 200/1553 | 持仓8 | 现金2,851
2026-08-21 12:34:59,418 [INFO]   进度: 400/1553 | 持仓9 | 现金1,707
2026-08-21 12:35:16,600 [INFO]   进度: 600/1553 | 持仓9 | 现金1,733
2026-08-21 12:35:46,566 [INFO]   进度: 800/1553 | 持仓9 | 现金1,400
2026-08-21 12:35:54,395 [INFO]   进度: 1000/1553 | 持仓0 | 现金17,592
2026-08-21 12:36:15,448 [INFO]   进度: 1200/1553 | 持仓10 | 现金25
2026-08-21 12:36:35,331 [INFO]   进度: 1400/1553 | 持仓15 | 现金1,627
2026-08-21 12:36:49,645 [INFO] DB 已关闭

============================================================
资金模拟结果 (6.2年)
============================================================
初始资金: ¥20,000
最终资金: ¥16,910
总收益:   -15.45%
年化收益: -2.69%
最大回撤: 33.5%
夏普比率: -0.11
闲资停泊: 0.0%/年 (闲置现金 carry)

逐年收益:
  2020: -5.1%
  2021: +6.0%
  2022: -13.6%
  2023: -0.4%
  2024: -2.8%
  2025: +4.5%
  2026: -3.8%

卖出统计 (266笔):
  真实买卖胜率(净): 36.1% | 盈亏比: 1.62 | 平均盈利 +12.48% / 平均亏损 -7.72%
  平均持有: 41.6天 | 平均收益: -0.31%
  止损: 105笔
  趋势破位: 50笔
  达到目标: 39笔
  持仓上限: 17笔
  移动止损: 15笔
  市场熊市清仓: 26笔
  期末清仓: 14笔

最佳交易: 平安电工(001359) 2025-06-05买@29.8 → 58.81 (+97.12%, 持有60天, 达到目标(+97.3%))
最差交易: 柳药集团(603368) 2020-05-26买@31.78 → 23.63 (-25.73%, 持有21天, 止损(-25.6%))

资产曲线: briefs\portfolio_curve_sl8_lvrev_mh60_20260821_1236.csv
可视化: briefs\回测报告_sl8_lvrev_mh60_mps0.80_20260821_1236.html
