2026-08-21 12:05:09,605 [INFO] ============================================================
2026-08-21 12:05:09,605 [INFO] 本地数据回测启动
2026-08-21 12:05:09,606 [INFO] ============================================================
2026-08-21 12:05:09,607 [INFO] 选股内核: 低波+反转+质量 (真 alpha 路线) — 近20日超跌/低波门槛/f_rs·f_trend降为闸门
2026-08-21 12:05:09,607 [INFO] 启用最小持有期 MIN_HOLD = 10 天
2026-08-21 12:05:09,609 [INFO] 初始化数据库表结构...
2026-08-21 12:05:09,614 [INFO] 数据库初始化完成
2026-08-21 12:05:10,698 [INFO] 动量矩阵从缓存加载: 1553天×6946只
2026-08-21 12:05:47,827 [INFO] PIT 财务索引: 5237 只, 共 312027 条报告期
2026-08-21 12:05:57,790 [INFO] 静态信息: 5237 只, 推导股本 5187 只
2026-08-21 12:16:29,044 [INFO] PIT 估值索引: 1546 个交易日
2026-08-21 12:16:29,086 [INFO] PIT 时点基本面索引构建完成(有数据)
2026-08-21 12:16:29,086 [INFO] 
============================================================
2026-08-21 12:16:29,086 [INFO] 资金模拟: 初始 20,000 元, 日选 8 只, 动态持有(相对强度择时)
2026-08-21 12:16:29,086 [INFO] ============================================================
2026-08-21 12:16:29,812 [INFO] 可用日期: 1553 天 (2020-01-02 ~ 2026-08-20)
2026-08-21 12:17:19,529 [INFO] 构建 L0 市场闸门(宽基 MA200 + 估值分位)...
2026-08-21 12:17:21,058 [INFO] ST/退市黑名单: 204 只
2026-08-21 12:17:21,062 [INFO] 幸存者过滤: 5090 只 (>=252天, 已剔除ST/退市/基金/北交所)
2026-08-21 12:18:10,412 [INFO] L0 市场闸门就绪: 指数末值2897, 熊市(回撤>10%) 129天, 耗时51s
2026-08-21 12:18:10,412 [INFO] L0 闸门完成: 129/1545 天判定熊市(指数<MA200), 耗时50.9s
2026-08-21 12:18:10,433 [INFO] 资金模拟: 初始20,000元, 日选8只
2026-08-21 12:18:10,433 [INFO] 规则: 目标+5.0~8%, 止损-8.0%, 成本(买0.0085%/卖0.0585%, ETF0.0085%)
2026-08-21 12:18:36,962 [INFO]   进度: 200/1553 | 持仓6 | 现金8,468
2026-08-21 12:19:04,674 [INFO]   进度: 400/1553 | 持仓1 | 现金17,343
2026-08-21 12:19:19,856 [INFO]   进度: 600/1553 | 持仓8 | 现金3,920
2026-08-21 12:19:49,340 [INFO]   进度: 800/1553 | 持仓6 | 现金9,057
2026-08-21 12:19:56,483 [INFO]   进度: 1000/1553 | 持仓0 | 现金22,176
2026-08-21 12:20:15,858 [INFO]   进度: 1200/1553 | 持仓14 | 现金653
2026-08-21 12:20:41,316 [INFO]   进度: 1400/1553 | 持仓10 | 现金8,068
2026-08-21 12:21:03,270 [INFO] DB 已关闭

============================================================
资金模拟结果 (6.2年)
============================================================
初始资金: ¥20,000
最终资金: ¥19,185
总收益:   -4.08%
年化收益: -0.67%
最大回撤: 25.4%
夏普比率: 0.01
闲资停泊: 0.0%/年 (闲置现金 carry)

逐年收益:
  2020: +2.5%
  2021: -2.6%
  2022: -2.5%
  2023: +12.7%
  2024: -4.2%
  2025: -1.2%
  2026: -7.0%

卖出统计 (700笔):
  真实买卖胜率(净): 42.6% | 盈亏比: 1.28 | 平均盈利 +5.92% / 平均亏损 -4.62%
  平均持有: 12.4天 | 平均收益: -0.01%
  达到目标: 107笔
  移动止损: 78笔
  止损: 78笔
  趋势破位: 404笔
  持仓上限: 1笔
  市场熊市清仓: 22笔
  期末清仓: 10笔

最佳交易: 海辰药业(300584) 2020-07-20买@25.4 → 34.81 (+36.89%, 持有10天, 达到目标(+37.0%))
最差交易: 四方新材(605122) 2021-05-13买@40.76 → 30.23 (-25.92%, 持有14天, 止损(-25.8%))

资产曲线: briefs\portfolio_curve_sl8_lvrev_mh10_20260821_1221.csv
可视化: briefs\回测报告_sl8_lvrev_mh10_mps0.80_20260821_1221.html
