2026-08-21 11:49:24,268 [INFO] ============================================================
2026-08-21 11:49:24,268 [INFO] 本地数据回测启动
2026-08-21 11:49:24,268 [INFO] ============================================================
2026-08-21 11:49:24,269 [INFO] 成本已归零 (--no-cost): 纯毛收益口径, 隔离交易成本拖累
2026-08-21 11:49:24,269 [INFO] 选股内核: 低波+反转+质量 (真 alpha 路线) — 近20日超跌/低波门槛/f_rs·f_trend降为闸门
2026-08-21 11:49:24,269 [INFO] 启用最小持有期 MIN_HOLD = 30 天
2026-08-21 11:49:24,272 [INFO] 初始化数据库表结构...
2026-08-21 11:49:24,276 [INFO] 数据库初始化完成
2026-08-21 11:49:25,366 [INFO] 动量矩阵从缓存加载: 1553天×6946只
2026-08-21 11:50:02,358 [INFO] PIT 财务索引: 5237 只, 共 312027 条报告期
2026-08-21 11:50:12,272 [INFO] 静态信息: 5237 只, 推导股本 5187 只
2026-08-21 12:00:38,410 [INFO] PIT 估值索引: 1546 个交易日
2026-08-21 12:00:38,451 [INFO] PIT 时点基本面索引构建完成(有数据)
2026-08-21 12:00:38,451 [INFO] 
============================================================
2026-08-21 12:00:38,451 [INFO] 资金模拟: 初始 20,000 元, 日选 8 只, 动态持有(相对强度择时)
2026-08-21 12:00:38,451 [INFO] ============================================================
2026-08-21 12:00:39,177 [INFO] 可用日期: 1553 天 (2020-01-02 ~ 2026-08-20)
2026-08-21 12:01:29,590 [INFO] 构建 L0 市场闸门(宽基 MA200 + 估值分位)...
2026-08-21 12:01:31,138 [INFO] ST/退市黑名单: 204 只
2026-08-21 12:01:31,141 [INFO] 幸存者过滤: 5090 只 (>=252天, 已剔除ST/退市/基金/北交所)
2026-08-21 12:02:20,428 [INFO] L0 市场闸门就绪: 指数末值2897, 熊市(回撤>10%) 129天, 耗时51s
2026-08-21 12:02:20,428 [INFO] L0 闸门完成: 129/1545 天判定熊市(指数<MA200), 耗时50.8s
2026-08-21 12:02:20,448 [INFO] 资金模拟: 初始20,000元, 日选8只
2026-08-21 12:02:20,448 [INFO] 规则: 目标+5.0~8%, 止损-8.0%, 成本(买0.0000%/卖0.0000%, ETF0.0000%)
2026-08-21 12:02:47,012 [INFO]   进度: 200/1553 | 持仓8 | 现金4,179
2026-08-21 12:03:15,721 [INFO]   进度: 400/1553 | 持仓5 | 现金11,242
2026-08-21 12:03:32,202 [INFO]   进度: 600/1553 | 持仓9 | 现金2,068
2026-08-21 12:04:02,356 [INFO]   进度: 800/1553 | 持仓9 | 现金2,130
2026-08-21 12:04:09,161 [INFO]   进度: 1000/1553 | 持仓0 | 现金21,923
2026-08-21 12:04:29,516 [INFO]   进度: 1200/1553 | 持仓10 | 现金904
2026-08-21 12:04:50,063 [INFO]   进度: 1400/1553 | 持仓15 | 现金1,910
2026-08-21 12:05:07,356 [INFO] DB 已关闭

============================================================
资金模拟结果 (6.2年)
============================================================
初始资金: ¥20,000
最终资金: ¥20,910
总收益:   +4.55%
年化收益: +0.72%
最大回撤: 24.9%
夏普比率: 0.12
闲资停泊: 0.0%/年 (闲置现金 carry)

逐年收益:
  2020: +8.4%
  2021: +9.0%
  2022: -12.8%
  2023: +4.6%
  2024: +1.6%
  2025: -3.6%
  2026: -0.9%

卖出统计 (394笔):
  真实买卖胜率(净): 41.4% | 盈亏比: 1.49 | 平均盈利 +9.69% / 平均亏损 -6.51%
  平均持有: 26.2天 | 平均收益: +0.19%
  止损: 108笔
  移动止损: 45笔
  达到目标: 78笔
  趋势破位: 124笔
  市场熊市清仓: 26笔
  持仓上限: 1笔
  期末清仓: 12笔

最佳交易: 宁波东力(002164) 2020-12-01买@5.58 → 8.8 (+57.71%, 持有30天, 达到目标(+57.7%))
最差交易: 柳药集团(603368) 2020-05-26买@31.78 → 23.63 (-25.65%, 持有21天, 止损(-25.6%))

资产曲线: briefs\portfolio_curve_sl8_lvrev_mh30_20260821_1205.csv
可视化: briefs\回测报告_sl8_lvrev_mh30_mps0.80_20260821_1205.html
