2026-08-21 22:04:16,506 [INFO] ============================================================
2026-08-21 22:04:16,506 [INFO] 本地数据回测启动
2026-08-21 22:04:16,506 [INFO] ============================================================
2026-08-21 22:04:16,508 [INFO] 选股内核: 低波+反转+质量 (真 alpha 路线) — 近20日超跌/低波门槛/f_rs·f_trend降为闸门
2026-08-21 22:04:16,508 [INFO] 启用最小持有期 MIN_HOLD = 30 天
2026-08-21 22:04:16,512 [INFO] 初始化数据库表结构...
2026-08-21 22:04:16,514 [INFO] 数据库初始化完成
2026-08-21 22:04:17,280 [WARNING] 动量缓存读取失败, 重建: No module named 'pyarrow'
2026-08-21 22:04:17,281 [INFO] 预计算动量矩阵(close 透视)...
2026-08-21 22:04:59,394 [INFO] 动量矩阵完成: 1554天×6946只, 耗时42.1s
2026-08-21 22:05:32,432 [INFO] PIT 财务索引: 5237 只, 共 312027 条报告期
2026-08-21 22:05:42,294 [INFO] 静态信息: 5237 只, 推导股本 5187 只
2026-08-21 22:15:21,848 [INFO] PIT 估值索引: 1546 个交易日
2026-08-21 22:15:23,192 [INFO] PIT 时点基本面索引构建完成(有数据)
2026-08-21 22:15:23,193 [INFO] 
============================================================
2026-08-21 22:15:23,193 [INFO] 资金模拟: 初始 20,000 元, 日选 8 只, 动态持有(相对强度择时)
2026-08-21 22:15:23,193 [INFO] ============================================================
2026-08-21 22:15:23,872 [INFO] 可用日期: 1554 天 (2020-01-02 ~ 2026-08-21)
2026-08-21 22:16:12,286 [INFO] 构建 L0 市场闸门(宽基 MA200 + 估值分位)...
2026-08-21 22:16:13,803 [INFO] ST/退市黑名单: 204 只
2026-08-21 22:16:13,807 [INFO] 幸存者过滤: 5090 只 (>=252天, 已剔除ST/退市/基金/北交所)
2026-08-21 22:17:10,385 [INFO] L0 市场闸门就绪: 指数末值2897, 熊市(回撤>10%) 129天, 耗时58s
2026-08-21 22:17:10,385 [INFO] L0 闸门完成: 129/1545 天判定熊市(指数<MA200), 耗时58.1s
2026-08-21 22:17:10,889 [INFO] 资金模拟: 初始20,000元, 日选8只
2026-08-21 22:17:10,889 [INFO] 规则: 目标+5.0~8%, 止损-8.0%, 成本(买0.0085%/卖0.0585%, ETF0.0085%)
2026-08-21 22:17:35,545 [INFO]   进度: 200/1554 | 持仓7 | 现金5,993
2026-08-21 22:18:02,349 [INFO]   进度: 400/1554 | 持仓2 | 现金15,815
2026-08-21 22:18:16,985 [INFO]   进度: 600/1554 | 持仓9 | 现金1,748
2026-08-21 22:18:45,132 [INFO]   进度: 800/1554 | 持仓8 | 现金3,872
2026-08-21 22:18:51,557 [INFO]   进度: 1000/1554 | 持仓0 | 现金19,970
2026-08-21 22:19:10,605 [INFO]   进度: 1200/1554 | 持仓11 | 现金384
2026-08-21 22:19:30,411 [INFO]   进度: 1400/1554 | 持仓15 | 现金1,931
2026-08-21 22:19:46,775 [INFO] 
============================================================
2026-08-21 22:19:46,776 [INFO] T+N 选股验证框架 (run)
2026-08-21 22:19:46,776 [INFO] ============================================================
2026-08-21 22:19:46,776 [INFO] 回测区间: 2020-01-02 ~ 2026-08-21, 1554 天
2026-08-21 22:19:46,776 [INFO] 计算择时信号 (MA60)...
2026-08-21 22:20:00,289 [INFO]   均价: 500/1554
2026-08-21 22:20:16,696 [INFO]   均价: 1000/1554
2026-08-21 22:20:34,493 [INFO]   均价: 1500/1554
2026-08-21 22:20:35,202 [INFO] 择时: 874/1554 天可交易 (56%)
2026-08-21 22:20:46,704 [INFO]   进度: 100/1554
2026-08-21 22:21:04,076 [INFO]   进度: 200/1554
2026-08-21 22:21:14,486 [INFO]   进度: 300/1554
2026-08-21 22:21:32,871 [INFO]   进度: 400/1554
2026-08-21 22:21:45,549 [INFO]   进度: 500/1554
2026-08-21 22:21:48,655 [INFO]   进度: 600/1554
2026-08-21 22:22:01,959 [INFO]   进度: 700/1554
2026-08-21 22:22:19,987 [INFO]   进度: 800/1554
2026-08-21 22:22:20,217 [INFO]   进度: 900/1554
2026-08-21 22:22:25,861 [INFO]   进度: 1000/1554
2026-08-21 22:22:33,243 [INFO]   进度: 1100/1554
2026-08-21 22:22:45,828 [INFO]   进度: 1200/1554
2026-08-21 22:22:59,447 [INFO]   进度: 1300/1554
2026-08-21 22:23:20,154 [INFO]   进度: 1400/1554
2026-08-21 22:23:38,471 [INFO]   进度: 1500/1554
2026-08-21 22:23:43,446 [INFO] 回测完成: 5 个未验日, 205527 次推荐, 204338 次验证
2026-08-21 22:23:45,170 [INFO] DB 已关闭

============================================================
资金模拟结果 (6.2年)
============================================================
初始资金: ¥20,000
最终资金: ¥18,899
总收益:   -5.51%
年化收益: -0.91%
最大回撤: 19.1%
夏普比率: -0.01
闲资停泊: 0.0%/年 (闲置现金 carry)

逐年收益:
  2020: +3.0%
  2021: -2.7%
  2022: -3.7%
  2023: +1.4%
  2024: +2.4%
  2025: -4.4%
  2026: -1.1%

卖出统计 (382笔):
  真实买卖胜率(净): 40.6% | 盈亏比: 1.39 | 平均盈利 +8.90% / 平均亏损 -6.40%
  平均持有: 26.4天 | 平均收益: -0.08%
  止损: 105笔
  移动止损: 39笔
  达到目标: 71笔
  趋势破位: 128笔
  市场熊市清仓: 25笔
  持仓上限: 1笔
  期末清仓: 13笔

最佳交易: 家联科技(301193) 2022-07-19买@25.96 → 40.93 (+57.48%, 持有30天, 达到目标(+57.7%))
最差交易: 柳药集团(603368) 2020-05-26买@31.78 → 23.63 (-25.73%, 持有21天, 止损(-25.6%))

资产曲线: briefs\portfolio_curve_sl8_lvrev_mh30_20260821_2219.csv
可视化: briefs\回测报告_sl8_lvrev_mh30_mps0.80_20260821_2219.html

============================================================
T+N 选股验证 (1554交易日, 205527次推荐)
============================================================
  T+1_ret: 胜率 48.4% | 均值 +0.08% | 样本 204317 | 极值 [-45.1%, +20.1%]
  T+3_ret: 胜率 49.0% | 均值 +0.15% | 样本 204271 | 极值 [-67.8%, +72.8%]
  T+5_ret: 胜率 49.6% | 均值 +0.25% | 样本 204240 | 极值 [-69.3%, +87.8%]
  风控后 T+1 胜率: 48.4% | 均值 +0.08%
