2026-08-22 23:06:04,787 [INFO] ============================================================
2026-08-22 23:06:04,787 [INFO] 本地数据回测启动
2026-08-22 23:06:04,787 [INFO] ============================================================
2026-08-22 23:06:04,790 [INFO] 选股内核: 低波+反转+质量 (真 alpha 路线) — 近20日超跌/低波门槛/f_rs·f_trend降为闸门
2026-08-22 23:06:04,790 [INFO] 启用最小持有期 MIN_HOLD = 30 天
2026-08-22 23:06:04,796 [INFO] 初始化数据库表结构...
2026-08-22 23:06:04,801 [INFO] 数据库初始化完成
2026-08-22 23:06:05,906 [INFO] 动量矩阵从缓存加载: 1554天×6946只
2026-08-22 23:06:39,326 [INFO] PIT 财务索引: 5237 只, 共 312027 条报告期
2026-08-22 23:06:49,158 [INFO] 静态信息: 5237 只, 推导股本 5187 只
2026-08-22 23:16:53,054 [INFO] PIT 估值索引: 1546 个交易日
2026-08-22 23:16:54,348 [INFO] PIT 时点基本面索引构建完成(有数据)
2026-08-22 23:16:54,348 [INFO] 
============================================================
2026-08-22 23:16:54,348 [INFO] 资金模拟: 初始 20,000 元, 日选 8 只, 动态持有(相对强度择时)
2026-08-22 23:16:54,348 [INFO] ============================================================
2026-08-22 23:16:55,035 [INFO] 可用日期: 1554 天 (2020-01-02 ~ 2026-08-21)
2026-08-22 23:17:45,161 [INFO] 构建 L0 市场闸门(宽基 MA200 + 估值分位)...
2026-08-22 23:17:46,691 [INFO] ST/退市黑名单: 204 只
2026-08-22 23:17:46,695 [INFO] 幸存者过滤: 5090 只 (>=252天, 已剔除ST/退市/基金/北交所)
2026-08-22 23:18:43,267 [INFO] L0 市场闸门就绪: 指数末值2897, 熊市(回撤>10%) 129天, 耗时58s
2026-08-22 23:18:43,267 [INFO] L0 闸门完成: 129/1545 天判定熊市(指数<MA200), 耗时58.1s
2026-08-22 23:18:43,771 [INFO] 资金模拟: 初始20,000元, 日选8只
2026-08-22 23:18:43,771 [INFO] 规则: 目标+5.0~8%, 止损-8.0%, 成本(买0.0085%/卖0.0585%, ETF0.0085%)
2026-08-22 23:19:08,197 [INFO]   进度: 200/1554 | 持仓3 | 现金17,881
2026-08-22 23:19:32,701 [INFO]   进度: 400/1554 | 持仓1 | 现金23,063
2026-08-22 23:19:47,951 [INFO]   进度: 600/1554 | 持仓9 | 现金2,748
2026-08-22 23:20:16,331 [INFO]   进度: 800/1554 | 持仓7 | 现金9,165
2026-08-22 23:20:22,713 [INFO]   进度: 1000/1554 | 持仓0 | 现金28,972
2026-08-22 23:20:41,882 [INFO]   进度: 1200/1554 | 持仓10 | 现金1,025
2026-08-22 23:21:01,470 [INFO]   进度: 1400/1554 | 持仓16 | 现金961
2026-08-22 23:21:21,206 [INFO] 
============================================================
2026-08-22 23:21:21,206 [INFO] T+N 选股验证框架 (run)
2026-08-22 23:21:21,206 [INFO] ============================================================
2026-08-22 23:21:21,206 [INFO] 回测区间: 2020-01-02 ~ 2026-08-21, 1554 天
2026-08-22 23:21:21,206 [INFO] 计算择时信号 (MA60)...
2026-08-22 23:21:35,232 [INFO]   均价: 500/1554
2026-08-22 23:21:52,322 [INFO]   均价: 1000/1554
2026-08-22 23:22:10,747 [INFO]   均价: 1500/1554
2026-08-22 23:22:11,469 [INFO] 择时: 874/1554 天可交易 (56%)
2026-08-22 23:22:19,492 [INFO]   进度: 100/1554
2026-08-22 23:22:30,955 [INFO]   进度: 200/1554
2026-08-22 23:22:38,185 [INFO]   进度: 300/1554
2026-08-22 23:22:50,448 [INFO]   进度: 400/1554
2026-08-22 23:22:59,005 [INFO]   进度: 500/1554
2026-08-22 23:23:01,219 [INFO]   进度: 600/1554
2026-08-22 23:23:10,318 [INFO]   进度: 700/1554
2026-08-22 23:23:22,810 [INFO]   进度: 800/1554
2026-08-22 23:23:22,963 [INFO]   进度: 900/1554
2026-08-22 23:23:26,681 [INFO]   进度: 1000/1554
2026-08-22 23:23:32,025 [INFO]   进度: 1100/1554
2026-08-22 23:23:41,291 [INFO]   进度: 1200/1554
2026-08-22 23:23:51,126 [INFO]   进度: 1300/1554
2026-08-22 23:24:05,959 [INFO]   进度: 1400/1554
2026-08-22 23:24:19,557 [INFO]   进度: 1500/1554
2026-08-22 23:24:23,180 [INFO] 回测完成: 5 个未验日, 20394 次推荐, 20295 次验证
2026-08-22 23:24:23,351 [INFO] DB 已关闭

============================================================
资金模拟结果 (6.2年)
============================================================
初始资金: ¥20,000
最终资金: ¥25,717
总收益:   +28.59%
年化收益: +4.16%
最大回撤: 21.1%
夏普比率: 0.4
闲资停泊: 0.0%/年 (闲置现金 carry)

逐年收益:
  2020: +27.0%
  2021: +10.8%
  2022: -4.0%
  2023: +6.1%
  2024: +0.1%
  2025: -8.1%
  2026: -3.3%

卖出统计 (299笔):
  真实买卖胜率(净): 45.5% | 盈亏比: 1.47 | 平均盈利 +9.16% / 平均亏损 -6.25%
  平均持有: 28.3天 | 平均收益: +0.88%
  止损: 56笔
  达到目标: 59笔
  移动止损: 46笔
  趋势破位: 105笔
  持仓上限: 1笔
  市场熊市清仓: 26笔
  期末清仓: 6笔

最佳交易: 东莞控股(000828) 2020-06-19买@6.97 → 11.36 (+62.79%, 持有30天, 达到目标(+63.0%))
最差交易: 亨迪药业(301211) 2025-08-26买@18.84 → 12.63 (-33.04%, 持有1天, 止损(-33.0%))

资产曲线: briefs\portfolio_curve_sl8_lvrev_mh30_20260822_2321.csv
可视化: briefs\回测报告_sl8_lvrev_mh30_mps0.80_20260822_2321.html

============================================================
T+N 选股验证 (1554交易日, 20394次推荐)
============================================================
  T+1_ret: 胜率 49.3% | 均值 +0.08% | 样本 20290 | 极值 [-33.0%, +16.8%]
  T+3_ret: 胜率 50.2% | 均值 +0.19% | 样本 20285 | 极值 [-33.5%, +50.9%]
  T+5_ret: 胜率 51.1% | 均值 +0.32% | 样本 20282 | 极值 [-31.3%, +43.6%]
  风控后 T+1 胜率: 49.3% | 均值 +0.08%
