2026-08-21 22:24:56,128 [INFO] ============================================================
2026-08-21 22:24:56,128 [INFO] 本地数据回测启动
2026-08-21 22:24:56,128 [INFO] ============================================================
2026-08-21 22:24:56,129 [INFO] 选股内核: 低波+反转+质量 (真 alpha 路线) — 近20日超跌/低波门槛/f_rs·f_trend降为闸门
2026-08-21 22:24:56,129 [INFO] 启用最小持有期 MIN_HOLD = 30 天
2026-08-21 22:24:56,133 [INFO] 初始化数据库表结构...
2026-08-21 22:24:56,136 [INFO] 数据库初始化完成
2026-08-21 22:24:57,231 [INFO] 动量矩阵从缓存加载: 1554天×6946只
2026-08-21 22:25:29,819 [INFO] PIT 财务索引: 5237 只, 共 312027 条报告期
2026-08-21 22:25:39,601 [INFO] 静态信息: 5237 只, 推导股本 5187 只
2026-08-21 22:35:21,706 [INFO] PIT 估值索引: 1546 个交易日
2026-08-21 22:35:22,804 [INFO] PIT 时点基本面索引构建完成(有数据)
2026-08-21 22:35:22,804 [INFO] 
============================================================
2026-08-21 22:35:22,804 [INFO] 资金模拟: 初始 20,000 元, 日选 8 只, 动态持有(相对强度择时)
2026-08-21 22:35:22,804 [INFO] ============================================================
2026-08-21 22:35:23,504 [INFO] 可用日期: 1554 天 (2020-01-02 ~ 2026-08-21)
2026-08-21 22:36:12,859 [INFO] 构建 L0 市场闸门(宽基 MA200 + 估值分位)...
2026-08-21 22:36:14,369 [INFO] ST/退市黑名单: 204 只
2026-08-21 22:36:14,373 [INFO] 幸存者过滤: 5090 只 (>=252天, 已剔除ST/退市/基金/北交所)
2026-08-21 22:37:10,727 [INFO] L0 市场闸门就绪: 指数末值2897, 熊市(回撤>10%) 129天, 耗时58s
2026-08-21 22:37:10,727 [INFO] L0 闸门完成: 129/1545 天判定熊市(指数<MA200), 耗时57.9s
2026-08-21 22:37:11,217 [INFO] 资金模拟: 初始20,000元, 日选8只
2026-08-21 22:37:11,217 [INFO] 规则: 目标+5.0~8%, 止损-8.0%, 成本(买0.0085%/卖0.0585%, ETF0.0085%)
2026-08-21 22:37:35,856 [INFO]   进度: 200/1554 | 持仓8 | 现金4,162
2026-08-21 22:38:02,528 [INFO]   进度: 400/1554 | 持仓5 | 现金11,164
2026-08-21 22:38:17,102 [INFO]   进度: 600/1554 | 持仓9 | 现金2,012
2026-08-21 22:38:45,218 [INFO]   进度: 800/1554 | 持仓9 | 现金2,072
2026-08-21 22:38:51,629 [INFO]   进度: 1000/1554 | 持仓0 | 现金21,293
2026-08-21 22:39:10,660 [INFO]   进度: 1200/1554 | 持仓10 | 现金872
2026-08-21 22:39:29,964 [INFO]   进度: 1400/1554 | 持仓15 | 现金1,836
2026-08-21 22:39:46,210 [INFO] 
============================================================
2026-08-21 22:39:46,210 [INFO] T+N 选股验证框架 (run)
2026-08-21 22:39:46,210 [INFO] ============================================================
2026-08-21 22:39:46,210 [INFO] 回测区间: 2020-01-02 ~ 2026-08-21, 1554 天
2026-08-21 22:39:46,210 [INFO] 计算择时信号 (MA60)...
2026-08-21 22:39:59,674 [INFO]   均价: 500/1554
2026-08-21 22:40:16,081 [INFO]   均价: 1000/1554
2026-08-21 22:40:33,779 [INFO]   均价: 1500/1554
2026-08-21 22:40:34,474 [INFO] 择时: 874/1554 天可交易 (56%)
2026-08-21 22:40:43,323 [INFO]   进度: 100/1554
2026-08-21 22:40:56,009 [INFO]   进度: 200/1554
2026-08-21 22:41:03,720 [INFO]   进度: 300/1554
2026-08-21 22:41:17,280 [INFO]   进度: 400/1554
2026-08-21 22:41:26,745 [INFO]   进度: 500/1554
2026-08-21 22:41:29,210 [INFO]   进度: 600/1554
2026-08-21 22:41:39,473 [INFO]   进度: 700/1554
2026-08-21 22:41:53,457 [INFO]   进度: 800/1554
2026-08-21 22:41:53,634 [INFO]   进度: 900/1554
2026-08-21 22:41:58,063 [INFO]   进度: 1000/1554
2026-08-21 22:42:04,030 [INFO]   进度: 1100/1554
2026-08-21 22:42:14,564 [INFO]   进度: 1200/1554
2026-08-21 22:42:25,653 [INFO]   进度: 1300/1554
2026-08-21 22:42:42,017 [INFO]   进度: 1400/1554
2026-08-21 22:42:56,770 [INFO]   进度: 1500/1554
2026-08-21 22:43:00,797 [INFO] 回测完成: 5 个未验日, 65445 次推荐, 65066 次验证
2026-08-21 22:43:01,386 [INFO] DB 已关闭

============================================================
资金模拟结果 (6.2年)
============================================================
初始资金: ¥20,000
最终资金: ¥20,118
总收益:   +0.59%
年化收益: +0.10%
最大回撤: 26.9%
夏普比率: 0.07
闲资停泊: 0.0%/年 (闲置现金 carry)

逐年收益:
  2020: +8.0%
  2021: +8.5%
  2022: -14.6%
  2023: +4.5%
  2024: +1.3%
  2025: -4.0%
  2026: -1.0%

卖出统计 (393笔):
  真实买卖胜率(净): 41.2% | 盈亏比: 1.44 | 平均盈利 +9.52% / 平均亏损 -6.61%
  平均持有: 26.2天 | 平均收益: +0.16%
  止损: 108笔
  移动止损: 45笔
  达到目标: 77笔
  趋势破位: 124笔
  市场熊市清仓: 26笔
  持仓上限: 1笔
  期末清仓: 12笔

最佳交易: 宁波东力(002164) 2020-12-01买@5.58 → 8.8 (+57.52%, 持有30天, 达到目标(+57.7%))
最差交易: 柳药集团(603368) 2020-05-26买@31.78 → 23.63 (-25.73%, 持有21天, 止损(-25.6%))

资产曲线: briefs\portfolio_curve_sl8_lvrev_mh30_20260821_2239.csv
可视化: briefs\回测报告_sl8_lvrev_mh30_mps0.80_20260821_2239.html

============================================================
T+N 选股验证 (1554交易日, 65445次推荐)
============================================================
  T+1_ret: 胜率 49.1% | 均值 +0.07% | 样本 65061 | 极值 [-33.0%, +15.9%]
  T+3_ret: 胜率 49.3% | 均值 +0.13% | 样本 65051 | 极值 [-33.5%, +51.8%]
  T+5_ret: 胜率 49.8% | 均值 +0.21% | 样本 65044 | 极值 [-35.2%, +65.1%]
  风控后 T+1 胜率: 49.1% | 均值 +0.07%
